// Jest Snapshot v1, https://goo.gl/fbAQLP

exports[`DatePicker should render calendar header correctly when calendar is open 1`] = `
<div>
  <div
    class="react-datepicker-wrapper"
  >
    <div
      class="react-datepicker__input-container"
    >
      <input
        autocomplete="off"
        class="react-datepicker-ignore-onclickoutside"
        type="text"
        value=""
      />
    </div>
  </div>
  <div
    class="react-datepicker__tab-loop"
  >
    <div
      class="react-datepicker__tab-loop__start"
      tabindex="0"
    />
    <div
      class="react-datepicker-popper"
      data-placement="bottom-start"
      style="position: absolute; left: 0px; top: 0px; transform: translate(0px, 0px);"
    >
      <div>
        <div
          class="react-datepicker"
        >
          <span
            aria-live="polite"
            class="react-datepicker__aria-live"
            role="alert"
          />
          <div
            class="react-datepicker__month-container"
          >
            <div
              class="react-datepicker__header react-datepicker__header--custom"
            >
              <div
                class="CalendarHeader"
              >
                <button
                  class="Button Button--variant_filled Button--context_secondary CalendarHeader__navButton"
                  type="button"
                >
                  <svg
                    fill="currentColor"
                    height="1em"
                    stroke="currentColor"
                    stroke-width="0"
                    version="1.1"
                    viewBox="0 0 16 16"
                    width="1em"
                    xmlns="http://www.w3.org/2000/svg"
                  >
                    <path
                      d="M6.293 13.707l-5-5c-0.391-0.39-0.391-1.024 0-1.414l5-5c0.391-0.391 1.024-0.391 1.414 0s0.391 1.024 0 1.414l-3.293 3.293h9.586c0.552 0 1 0.448 1 1s-0.448 1-1 1h-9.586l3.293 3.293c0.195 0.195 0.293 0.451 0.293 0.707s-0.098 0.512-0.293 0.707c-0.391 0.391-1.024 0.391-1.414 0z"
                    />
                  </svg>
                </button>
                <div
                  role="presentation"
                >
                  <span>
                    December
                  </span>
                  <select
                    class="CalendarHeader__select"
                  >
                    <option
                      value="2021"
                    >
                      2021
                    </option>
                    <option
                      value="2022"
                    >
                      2022
                    </option>
                    <option
                      value="2023"
                    >
                      2023
                    </option>
                  </select>
                </div>
                <button
                  class="Button Button--variant_filled Button--context_secondary CalendarHeader__navButton"
                  type="button"
                >
                  <svg
                    fill="currentColor"
                    height="1em"
                    stroke="currentColor"
                    stroke-width="0"
                    version="1.1"
                    viewBox="0 0 16 16"
                    width="1em"
                    xmlns="http://www.w3.org/2000/svg"
                  >
                    <path
                      d="M9.707 13.707l5-5c0.391-0.39 0.391-1.024 0-1.414l-5-5c-0.391-0.391-1.024-0.391-1.414 0s-0.391 1.024 0 1.414l3.293 3.293h-9.586c-0.552 0-1 0.448-1 1s0.448 1 1 1h9.586l-3.293 3.293c-0.195 0.195-0.293 0.451-0.293 0.707s0.098 0.512 0.293 0.707c0.391 0.391 1.024 0.391 1.414 0z"
                    />
                  </svg>
                </button>
              </div>
              <div
                class="react-datepicker__day-names"
              >
                <div
                  class="react-datepicker__day-name"
                >
                  Su
                </div>
                <div
                  class="react-datepicker__day-name"
                >
                  Mo
                </div>
                <div
                  class="react-datepicker__day-name"
                >
                  Tu
                </div>
                <div
                  class="react-datepicker__day-name"
                >
                  We
                </div>
                <div
                  class="react-datepicker__day-name"
                >
                  Th
                </div>
                <div
                  class="react-datepicker__day-name"
                >
                  Fr
                </div>
                <div
                  class="react-datepicker__day-name"
                >
                  Sa
                </div>
              </div>
            </div>
            <div
              aria-label="month  2021-12"
              class="react-datepicker__month"
              role="listbox"
            >
              <div
                class="react-datepicker__week"
              >
                <div
                  aria-disabled="false"
                  aria-label="Choose Sunday, November 28th, 2021"
                  aria-selected="false"
                  class="react-datepicker__day react-datepicker__day--028 react-datepicker__day--weekend react-datepicker__day--outside-month"
                  role="option"
                  tabindex="-1"
                >
                  28
                </div>
                <div
                  aria-disabled="false"
                  aria-label="Choose Monday, November 29th, 2021"
                  aria-selected="false"
                  class="react-datepicker__day react-datepicker__day--029 react-datepicker__day--outside-month"
                  role="option"
                  tabindex="-1"
                >
                  29
                </div>
                <div
                  aria-disabled="false"
                  aria-label="Choose Tuesday, November 30th, 2021"
                  aria-selected="false"
                  class="react-datepicker__day react-datepicker__day--030 react-datepicker__day--outside-month"
                  role="option"
                  tabindex="-1"
                >
                  30
                </div>
                <div
                  aria-disabled="false"
                  aria-label="Choose Wednesday, December 1st, 2021"
                  aria-selected="false"
                  class="react-datepicker__day react-datepicker__day--001"
                  role="option"
                  tabindex="-1"
                >
                  1
                </div>
                <div
                  aria-disabled="false"
                  aria-label="Choose Thursday, December 2nd, 2021"
                  aria-selected="false"
                  class="react-datepicker__day react-datepicker__day--002"
                  role="option"
                  tabindex="-1"
                >
                  2
                </div>
                <div
                  aria-disabled="false"
                  aria-label="Choose Friday, December 3rd, 2021"
                  aria-selected="false"
                  class="react-datepicker__day react-datepicker__day--003"
                  role="option"
                  tabindex="-1"
                >
                  3
                </div>
                <div
                  aria-disabled="false"
                  aria-label="Choose Saturday, December 4th, 2021"
                  aria-selected="false"
                  class="react-datepicker__day react-datepicker__day--004 react-datepicker__day--weekend"
                  role="option"
                  tabindex="-1"
                >
                  4
                </div>
              </div>
              <div
                class="react-datepicker__week"
              >
                <div
                  aria-disabled="false"
                  aria-label="Choose Sunday, December 5th, 2021"
                  aria-selected="false"
                  class="react-datepicker__day react-datepicker__day--005 react-datepicker__day--weekend"
                  role="option"
                  tabindex="-1"
                >
                  5
                </div>
                <div
                  aria-disabled="false"
                  aria-label="Choose Monday, December 6th, 2021"
                  aria-selected="false"
                  class="react-datepicker__day react-datepicker__day--006"
                  role="option"
                  tabindex="-1"
                >
                  6
                </div>
                <div
                  aria-disabled="false"
                  aria-label="Choose Tuesday, December 7th, 2021"
                  aria-selected="false"
                  class="react-datepicker__day react-datepicker__day--007"
                  role="option"
                  tabindex="-1"
                >
                  7
                </div>
                <div
                  aria-disabled="false"
                  aria-label="Choose Wednesday, December 8th, 2021"
                  aria-selected="false"
                  class="react-datepicker__day react-datepicker__day--008"
                  role="option"
                  tabindex="-1"
                >
                  8
                </div>
                <div
                  aria-disabled="false"
                  aria-label="Choose Thursday, December 9th, 2021"
                  aria-selected="false"
                  class="react-datepicker__day react-datepicker__day--009"
                  role="option"
                  tabindex="-1"
                >
                  9
                </div>
                <div
                  aria-disabled="false"
                  aria-label="Choose Friday, December 10th, 2021"
                  aria-selected="false"
                  class="react-datepicker__day react-datepicker__day--010"
                  role="option"
                  tabindex="-1"
                >
                  10
                </div>
                <div
                  aria-disabled="false"
                  aria-label="Choose Saturday, December 11th, 2021"
                  aria-selected="false"
                  class="react-datepicker__day react-datepicker__day--011 react-datepicker__day--weekend"
                  role="option"
                  tabindex="-1"
                >
                  11
                </div>
              </div>
              <div
                class="react-datepicker__week"
              >
                <div
                  aria-disabled="false"
                  aria-label="Choose Sunday, December 12th, 2021"
                  aria-selected="false"
                  class="react-datepicker__day react-datepicker__day--012 react-datepicker__day--weekend"
                  role="option"
                  tabindex="-1"
                >
                  12
                </div>
                <div
                  aria-disabled="false"
                  aria-label="Choose Monday, December 13th, 2021"
                  aria-selected="false"
                  class="react-datepicker__day react-datepicker__day--013"
                  role="option"
                  tabindex="-1"
                >
                  13
                </div>
                <div
                  aria-disabled="false"
                  aria-label="Choose Tuesday, December 14th, 2021"
                  aria-selected="false"
                  class="react-datepicker__day react-datepicker__day--014"
                  role="option"
                  tabindex="-1"
                >
                  14
                </div>
                <div
                  aria-disabled="false"
                  aria-label="Choose Wednesday, December 15th, 2021"
                  aria-selected="false"
                  class="react-datepicker__day react-datepicker__day--015"
                  role="option"
                  tabindex="-1"
                >
                  15
                </div>
                <div
                  aria-disabled="false"
                  aria-label="Choose Thursday, December 16th, 2021"
                  aria-selected="false"
                  class="react-datepicker__day react-datepicker__day--016"
                  role="option"
                  tabindex="-1"
                >
                  16
                </div>
                <div
                  aria-disabled="false"
                  aria-label="Choose Friday, December 17th, 2021"
                  aria-selected="false"
                  class="react-datepicker__day react-datepicker__day--017"
                  role="option"
                  tabindex="-1"
                >
                  17
                </div>
                <div
                  aria-disabled="false"
                  aria-label="Choose Saturday, December 18th, 2021"
                  aria-selected="false"
                  class="react-datepicker__day react-datepicker__day--018 react-datepicker__day--weekend"
                  role="option"
                  tabindex="-1"
                >
                  18
                </div>
              </div>
              <div
                class="react-datepicker__week"
              >
                <div
                  aria-disabled="false"
                  aria-label="Choose Sunday, December 19th, 2021"
                  aria-selected="false"
                  class="react-datepicker__day react-datepicker__day--019 react-datepicker__day--weekend"
                  role="option"
                  tabindex="-1"
                >
                  19
                </div>
                <div
                  aria-disabled="false"
                  aria-label="Choose Monday, December 20th, 2021"
                  aria-selected="false"
                  class="react-datepicker__day react-datepicker__day--020"
                  role="option"
                  tabindex="-1"
                >
                  20
                </div>
                <div
                  aria-disabled="false"
                  aria-label="Choose Tuesday, December 21st, 2021"
                  aria-selected="false"
                  class="react-datepicker__day react-datepicker__day--021"
                  role="option"
                  tabindex="-1"
                >
                  21
                </div>
                <div
                  aria-disabled="false"
                  aria-label="Choose Wednesday, December 22nd, 2021"
                  aria-selected="false"
                  class="react-datepicker__day react-datepicker__day--022"
                  role="option"
                  tabindex="-1"
                >
                  22
                </div>
                <div
                  aria-disabled="false"
                  aria-label="Choose Thursday, December 23rd, 2021"
                  aria-selected="false"
                  class="react-datepicker__day react-datepicker__day--023"
                  role="option"
                  tabindex="-1"
                >
                  23
                </div>
                <div
                  aria-current="date"
                  aria-disabled="false"
                  aria-label="Choose Friday, December 24th, 2021"
                  aria-selected="false"
                  class="react-datepicker__day react-datepicker__day--024 react-datepicker__day--keyboard-selected react-datepicker__day--today"
                  role="option"
                  tabindex="0"
                >
                  24
                </div>
                <div
                  aria-disabled="false"
                  aria-label="Choose Saturday, December 25th, 2021"
                  aria-selected="false"
                  class="react-datepicker__day react-datepicker__day--025 react-datepicker__day--weekend"
                  role="option"
                  tabindex="-1"
                >
                  25
                </div>
              </div>
              <div
                class="react-datepicker__week"
              >
                <div
                  aria-disabled="false"
                  aria-label="Choose Sunday, December 26th, 2021"
                  aria-selected="false"
                  class="react-datepicker__day react-datepicker__day--026 react-datepicker__day--weekend"
                  role="option"
                  tabindex="-1"
                >
                  26
                </div>
                <div
                  aria-disabled="false"
                  aria-label="Choose Monday, December 27th, 2021"
                  aria-selected="false"
                  class="react-datepicker__day react-datepicker__day--027"
                  role="option"
                  tabindex="-1"
                >
                  27
                </div>
                <div
                  aria-disabled="false"
                  aria-label="Choose Tuesday, December 28th, 2021"
                  aria-selected="false"
                  class="react-datepicker__day react-datepicker__day--028"
                  role="option"
                  tabindex="-1"
                >
                  28
                </div>
                <div
                  aria-disabled="false"
                  aria-label="Choose Wednesday, December 29th, 2021"
                  aria-selected="false"
                  class="react-datepicker__day react-datepicker__day--029"
                  role="option"
                  tabindex="-1"
                >
                  29
                </div>
                <div
                  aria-disabled="false"
                  aria-label="Choose Thursday, December 30th, 2021"
                  aria-selected="false"
                  class="react-datepicker__day react-datepicker__day--030"
                  role="option"
                  tabindex="-1"
                >
                  30
                </div>
                <div
                  aria-disabled="false"
                  aria-label="Choose Friday, December 31st, 2021"
                  aria-selected="false"
                  class="react-datepicker__day react-datepicker__day--031"
                  role="option"
                  tabindex="-1"
                >
                  31
                </div>
                <div
                  aria-disabled="false"
                  aria-label="Choose Saturday, January 1st, 2022"
                  aria-selected="false"
                  class="react-datepicker__day react-datepicker__day--001 react-datepicker__day--weekend react-datepicker__day--outside-month"
                  role="option"
                  tabindex="-1"
                >
                  1
                </div>
              </div>
            </div>
          </div>
        </div>
      </div>
    </div>
    <div
      class="react-datepicker__tab-loop__end"
      tabindex="0"
    />
  </div>
</div>
`;

exports[`DatePicker should render correctly 1`] = `
<div>
  <div
    class="react-datepicker-wrapper"
  >
    <div
      class="react-datepicker__input-container"
    >
      <input
        autocomplete="off"
        class=""
        type="text"
        value=""
      />
    </div>
  </div>
</div>
`;

exports[`DatePicker when no min/max date props passed should set min/max date to default 1`] = `
<div>
  <div
    class="react-datepicker-wrapper"
  >
    <div
      class="react-datepicker__input-container"
    >
      <input
        autocomplete="off"
        class="react-datepicker-ignore-onclickoutside"
        type="text"
        value=""
      />
    </div>
  </div>
  <div
    class="react-datepicker__tab-loop"
  >
    <div
      class="react-datepicker__tab-loop__start"
      tabindex="0"
    />
    <div
      class="react-datepicker-popper"
      data-placement="bottom-start"
      style="position: absolute; left: 0px; top: 0px; transform: translate(0px, 0px);"
    >
      <div>
        <div
          class="react-datepicker"
        >
          <span
            aria-live="polite"
            class="react-datepicker__aria-live"
            role="alert"
          />
          <div
            class="react-datepicker__month-container"
          >
            <div
              class="react-datepicker__header react-datepicker__header--custom"
            >
              <div
                class="CalendarHeader"
              >
                <button
                  class="Button Button--variant_filled Button--context_secondary CalendarHeader__navButton"
                  type="button"
                >
                  <svg
                    fill="currentColor"
                    height="1em"
                    stroke="currentColor"
                    stroke-width="0"
                    version="1.1"
                    viewBox="0 0 16 16"
                    width="1em"
                    xmlns="http://www.w3.org/2000/svg"
                  >
                    <path
                      d="M6.293 13.707l-5-5c-0.391-0.39-0.391-1.024 0-1.414l5-5c0.391-0.391 1.024-0.391 1.414 0s0.391 1.024 0 1.414l-3.293 3.293h9.586c0.552 0 1 0.448 1 1s-0.448 1-1 1h-9.586l3.293 3.293c0.195 0.195 0.293 0.451 0.293 0.707s-0.098 0.512-0.293 0.707c-0.391 0.391-1.024 0.391-1.414 0z"
                    />
                  </svg>
                </button>
                <div
                  role="presentation"
                >
                  <span>
                    December
                  </span>
                  <select
                    class="CalendarHeader__select"
                  >
                    <option
                      value="1921"
                    >
                      1921
                    </option>
                    <option
                      value="1922"
                    >
                      1922
                    </option>
                    <option
                      value="1923"
                    >
                      1923
                    </option>
                    <option
                      value="1924"
                    >
                      1924
                    </option>
                    <option
                      value="1925"
                    >
                      1925
                    </option>
                    <option
                      value="1926"
                    >
                      1926
                    </option>
                    <option
                      value="1927"
                    >
                      1927
                    </option>
                    <option
                      value="1928"
                    >
                      1928
                    </option>
                    <option
                      value="1929"
                    >
                      1929
                    </option>
                    <option
                      value="1930"
                    >
                      1930
                    </option>
                    <option
                      value="1931"
                    >
                      1931
                    </option>
                    <option
                      value="1932"
                    >
                      1932
                    </option>
                    <option
                      value="1933"
                    >
                      1933
                    </option>
                    <option
                      value="1934"
                    >
                      1934
                    </option>
                    <option
                      value="1935"
                    >
                      1935
                    </option>
                    <option
                      value="1936"
                    >
                      1936
                    </option>
                    <option
                      value="1937"
                    >
                      1937
                    </option>
                    <option
                      value="1938"
                    >
                      1938
                    </option>
                    <option
                      value="1939"
                    >
                      1939
                    </option>
                    <option
                      value="1940"
                    >
                      1940
                    </option>
                    <option
                      value="1941"
                    >
                      1941
                    </option>
                    <option
                      value="1942"
                    >
                      1942
                    </option>
                    <option
                      value="1943"
                    >
                      1943
                    </option>
                    <option
                      value="1944"
                    >
                      1944
                    </option>
                    <option
                      value="1945"
                    >
                      1945
                    </option>
                    <option
                      value="1946"
                    >
                      1946
                    </option>
                    <option
                      value="1947"
                    >
                      1947
                    </option>
                    <option
                      value="1948"
                    >
                      1948
                    </option>
                    <option
                      value="1949"
                    >
                      1949
                    </option>
                    <option
                      value="1950"
                    >
                      1950
                    </option>
                    <option
                      value="1951"
                    >
                      1951
                    </option>
                    <option
                      value="1952"
                    >
                      1952
                    </option>
                    <option
                      value="1953"
                    >
                      1953
                    </option>
                    <option
                      value="1954"
                    >
                      1954
                    </option>
                    <option
                      value="1955"
                    >
                      1955
                    </option>
                    <option
                      value="1956"
                    >
                      1956
                    </option>
                    <option
                      value="1957"
                    >
                      1957
                    </option>
                    <option
                      value="1958"
                    >
                      1958
                    </option>
                    <option
                      value="1959"
                    >
                      1959
                    </option>
                    <option
                      value="1960"
                    >
                      1960
                    </option>
                    <option
                      value="1961"
                    >
                      1961
                    </option>
                    <option
                      value="1962"
                    >
                      1962
                    </option>
                    <option
                      value="1963"
                    >
                      1963
                    </option>
                    <option
                      value="1964"
                    >
                      1964
                    </option>
                    <option
                      value="1965"
                    >
                      1965
                    </option>
                    <option
                      value="1966"
                    >
                      1966
                    </option>
                    <option
                      value="1967"
                    >
                      1967
                    </option>
                    <option
                      value="1968"
                    >
                      1968
                    </option>
                    <option
                      value="1969"
                    >
                      1969
                    </option>
                    <option
                      value="1970"
                    >
                      1970
                    </option>
                    <option
                      value="1971"
                    >
                      1971
                    </option>
                    <option
                      value="1972"
                    >
                      1972
                    </option>
                    <option
                      value="1973"
                    >
                      1973
                    </option>
                    <option
                      value="1974"
                    >
                      1974
                    </option>
                    <option
                      value="1975"
                    >
                      1975
                    </option>
                    <option
                      value="1976"
                    >
                      1976
                    </option>
                    <option
                      value="1977"
                    >
                      1977
                    </option>
                    <option
                      value="1978"
                    >
                      1978
                    </option>
                    <option
                      value="1979"
                    >
                      1979
                    </option>
                    <option
                      value="1980"
                    >
                      1980
                    </option>
                    <option
                      value="1981"
                    >
                      1981
                    </option>
                    <option
                      value="1982"
                    >
                      1982
                    </option>
                    <option
                      value="1983"
                    >
                      1983
                    </option>
                    <option
                      value="1984"
                    >
                      1984
                    </option>
                    <option
                      value="1985"
                    >
                      1985
                    </option>
                    <option
                      value="1986"
                    >
                      1986
                    </option>
                    <option
                      value="1987"
                    >
                      1987
                    </option>
                    <option
                      value="1988"
                    >
                      1988
                    </option>
                    <option
                      value="1989"
                    >
                      1989
                    </option>
                    <option
                      value="1990"
                    >
                      1990
                    </option>
                    <option
                      value="1991"
                    >
                      1991
                    </option>
                    <option
                      value="1992"
                    >
                      1992
                    </option>
                    <option
                      value="1993"
                    >
                      1993
                    </option>
                    <option
                      value="1994"
                    >
                      1994
                    </option>
                    <option
                      value="1995"
                    >
                      1995
                    </option>
                    <option
                      value="1996"
                    >
                      1996
                    </option>
                    <option
                      value="1997"
                    >
                      1997
                    </option>
                    <option
                      value="1998"
                    >
                      1998
                    </option>
                    <option
                      value="1999"
                    >
                      1999
                    </option>
                    <option
                      value="2000"
                    >
                      2000
                    </option>
                    <option
                      value="2001"
                    >
                      2001
                    </option>
                    <option
                      value="2002"
                    >
                      2002
                    </option>
                    <option
                      value="2003"
                    >
                      2003
                    </option>
                    <option
                      value="2004"
                    >
                      2004
                    </option>
                    <option
                      value="2005"
                    >
                      2005
                    </option>
                    <option
                      value="2006"
                    >
                      2006
                    </option>
                    <option
                      value="2007"
                    >
                      2007
                    </option>
                    <option
                      value="2008"
                    >
                      2008
                    </option>
                    <option
                      value="2009"
                    >
                      2009
                    </option>
                    <option
                      value="2010"
                    >
                      2010
                    </option>
                    <option
                      value="2011"
                    >
                      2011
                    </option>
                    <option
                      value="2012"
                    >
                      2012
                    </option>
                    <option
                      value="2013"
                    >
                      2013
                    </option>
                    <option
                      value="2014"
                    >
                      2014
                    </option>
                    <option
                      value="2015"
                    >
                      2015
                    </option>
                    <option
                      value="2016"
                    >
                      2016
                    </option>
                    <option
                      value="2017"
                    >
                      2017
                    </option>
                    <option
                      value="2018"
                    >
                      2018
                    </option>
                    <option
                      value="2019"
                    >
                      2019
                    </option>
                    <option
                      value="2020"
                    >
                      2020
                    </option>
                    <option
                      value="2021"
                    >
                      2021
                    </option>
                    <option
                      value="2022"
                    >
                      2022
                    </option>
                    <option
                      value="2023"
                    >
                      2023
                    </option>
                    <option
                      value="2024"
                    >
                      2024
                    </option>
                    <option
                      value="2025"
                    >
                      2025
                    </option>
                    <option
                      value="2026"
                    >
                      2026
                    </option>
                    <option
                      value="2027"
                    >
                      2027
                    </option>
                    <option
                      value="2028"
                    >
                      2028
                    </option>
                    <option
                      value="2029"
                    >
                      2029
                    </option>
                    <option
                      value="2030"
                    >
                      2030
                    </option>
                    <option
                      value="2031"
                    >
                      2031
                    </option>
                    <option
                      value="2032"
                    >
                      2032
                    </option>
                    <option
                      value="2033"
                    >
                      2033
                    </option>
                    <option
                      value="2034"
                    >
                      2034
                    </option>
                    <option
                      value="2035"
                    >
                      2035
                    </option>
                    <option
                      value="2036"
                    >
                      2036
                    </option>
                    <option
                      value="2037"
                    >
                      2037
                    </option>
                    <option
                      value="2038"
                    >
                      2038
                    </option>
                    <option
                      value="2039"
                    >
                      2039
                    </option>
                    <option
                      value="2040"
                    >
                      2040
                    </option>
                    <option
                      value="2041"
                    >
                      2041
                    </option>
                    <option
                      value="2042"
                    >
                      2042
                    </option>
                    <option
                      value="2043"
                    >
                      2043
                    </option>
                    <option
                      value="2044"
                    >
                      2044
                    </option>
                    <option
                      value="2045"
                    >
                      2045
                    </option>
                    <option
                      value="2046"
                    >
                      2046
                    </option>
                    <option
                      value="2047"
                    >
                      2047
                    </option>
                    <option
                      value="2048"
                    >
                      2048
                    </option>
                    <option
                      value="2049"
                    >
                      2049
                    </option>
                    <option
                      value="2050"
                    >
                      2050
                    </option>
                    <option
                      value="2051"
                    >
                      2051
                    </option>
                    <option
                      value="2052"
                    >
                      2052
                    </option>
                    <option
                      value="2053"
                    >
                      2053
                    </option>
                    <option
                      value="2054"
                    >
                      2054
                    </option>
                    <option
                      value="2055"
                    >
                      2055
                    </option>
                    <option
                      value="2056"
                    >
                      2056
                    </option>
                    <option
                      value="2057"
                    >
                      2057
                    </option>
                    <option
                      value="2058"
                    >
                      2058
                    </option>
                    <option
                      value="2059"
                    >
                      2059
                    </option>
                    <option
                      value="2060"
                    >
                      2060
                    </option>
                    <option
                      value="2061"
                    >
                      2061
                    </option>
                    <option
                      value="2062"
                    >
                      2062
                    </option>
                    <option
                      value="2063"
                    >
                      2063
                    </option>
                    <option
                      value="2064"
                    >
                      2064
                    </option>
                    <option
                      value="2065"
                    >
                      2065
                    </option>
                    <option
                      value="2066"
                    >
                      2066
                    </option>
                    <option
                      value="2067"
                    >
                      2067
                    </option>
                    <option
                      value="2068"
                    >
                      2068
                    </option>
                    <option
                      value="2069"
                    >
                      2069
                    </option>
                    <option
                      value="2070"
                    >
                      2070
                    </option>
                    <option
                      value="2071"
                    >
                      2071
                    </option>
                    <option
                      value="2072"
                    >
                      2072
                    </option>
                    <option
                      value="2073"
                    >
                      2073
                    </option>
                    <option
                      value="2074"
                    >
                      2074
                    </option>
                    <option
                      value="2075"
                    >
                      2075
                    </option>
                    <option
                      value="2076"
                    >
                      2076
                    </option>
                    <option
                      value="2077"
                    >
                      2077
                    </option>
                    <option
                      value="2078"
                    >
                      2078
                    </option>
                    <option
                      value="2079"
                    >
                      2079
                    </option>
                    <option
                      value="2080"
                    >
                      2080
                    </option>
                    <option
                      value="2081"
                    >
                      2081
                    </option>
                    <option
                      value="2082"
                    >
                      2082
                    </option>
                    <option
                      value="2083"
                    >
                      2083
                    </option>
                    <option
                      value="2084"
                    >
                      2084
                    </option>
                    <option
                      value="2085"
                    >
                      2085
                    </option>
                    <option
                      value="2086"
                    >
                      2086
                    </option>
                    <option
                      value="2087"
                    >
                      2087
                    </option>
                    <option
                      value="2088"
                    >
                      2088
                    </option>
                    <option
                      value="2089"
                    >
                      2089
                    </option>
                    <option
                      value="2090"
                    >
                      2090
                    </option>
                    <option
                      value="2091"
                    >
                      2091
                    </option>
                    <option
                      value="2092"
                    >
                      2092
                    </option>
                    <option
                      value="2093"
                    >
                      2093
                    </option>
                    <option
                      value="2094"
                    >
                      2094
                    </option>
                    <option
                      value="2095"
                    >
                      2095
                    </option>
                    <option
                      value="2096"
                    >
                      2096
                    </option>
                    <option
                      value="2097"
                    >
                      2097
                    </option>
                    <option
                      value="2098"
                    >
                      2098
                    </option>
                    <option
                      value="2099"
                    >
                      2099
                    </option>
                    <option
                      value="2100"
                    >
                      2100
                    </option>
                    <option
                      value="2101"
                    >
                      2101
                    </option>
                    <option
                      value="2102"
                    >
                      2102
                    </option>
                    <option
                      value="2103"
                    >
                      2103
                    </option>
                    <option
                      value="2104"
                    >
                      2104
                    </option>
                    <option
                      value="2105"
                    >
                      2105
                    </option>
                    <option
                      value="2106"
                    >
                      2106
                    </option>
                    <option
                      value="2107"
                    >
                      2107
                    </option>
                    <option
                      value="2108"
                    >
                      2108
                    </option>
                    <option
                      value="2109"
                    >
                      2109
                    </option>
                    <option
                      value="2110"
                    >
                      2110
                    </option>
                    <option
                      value="2111"
                    >
                      2111
                    </option>
                    <option
                      value="2112"
                    >
                      2112
                    </option>
                    <option
                      value="2113"
                    >
                      2113
                    </option>
                    <option
                      value="2114"
                    >
                      2114
                    </option>
                    <option
                      value="2115"
                    >
                      2115
                    </option>
                    <option
                      value="2116"
                    >
                      2116
                    </option>
                    <option
                      value="2117"
                    >
                      2117
                    </option>
                    <option
                      value="2118"
                    >
                      2118
                    </option>
                    <option
                      value="2119"
                    >
                      2119
                    </option>
                    <option
                      value="2120"
                    >
                      2120
                    </option>
                    <option
                      value="2121"
                    >
                      2121
                    </option>
                  </select>
                </div>
                <button
                  class="Button Button--variant_filled Button--context_secondary CalendarHeader__navButton"
                  type="button"
                >
                  <svg
                    fill="currentColor"
                    height="1em"
                    stroke="currentColor"
                    stroke-width="0"
                    version="1.1"
                    viewBox="0 0 16 16"
                    width="1em"
                    xmlns="http://www.w3.org/2000/svg"
                  >
                    <path
                      d="M9.707 13.707l5-5c0.391-0.39 0.391-1.024 0-1.414l-5-5c-0.391-0.391-1.024-0.391-1.414 0s-0.391 1.024 0 1.414l3.293 3.293h-9.586c-0.552 0-1 0.448-1 1s0.448 1 1 1h9.586l-3.293 3.293c-0.195 0.195-0.293 0.451-0.293 0.707s0.098 0.512 0.293 0.707c0.391 0.391 1.024 0.391 1.414 0z"
                    />
                  </svg>
                </button>
              </div>
              <div
                class="react-datepicker__day-names"
              >
                <div
                  class="react-datepicker__day-name"
                >
                  Su
                </div>
                <div
                  class="react-datepicker__day-name"
                >
                  Mo
                </div>
                <div
                  class="react-datepicker__day-name"
                >
                  Tu
                </div>
                <div
                  class="react-datepicker__day-name"
                >
                  We
                </div>
                <div
                  class="react-datepicker__day-name"
                >
                  Th
                </div>
                <div
                  class="react-datepicker__day-name"
                >
                  Fr
                </div>
                <div
                  class="react-datepicker__day-name"
                >
                  Sa
                </div>
              </div>
            </div>
            <div
              aria-label="month  2021-12"
              class="react-datepicker__month"
              role="listbox"
            >
              <div
                class="react-datepicker__week"
              >
                <div
                  aria-disabled="false"
                  aria-label="Choose Sunday, November 28th, 2021"
                  aria-selected="false"
                  class="react-datepicker__day react-datepicker__day--028 react-datepicker__day--weekend react-datepicker__day--outside-month"
                  role="option"
                  tabindex="-1"
                >
                  28
                </div>
                <div
                  aria-disabled="false"
                  aria-label="Choose Monday, November 29th, 2021"
                  aria-selected="false"
                  class="react-datepicker__day react-datepicker__day--029 react-datepicker__day--outside-month"
                  role="option"
                  tabindex="-1"
                >
                  29
                </div>
                <div
                  aria-disabled="false"
                  aria-label="Choose Tuesday, November 30th, 2021"
                  aria-selected="false"
                  class="react-datepicker__day react-datepicker__day--030 react-datepicker__day--outside-month"
                  role="option"
                  tabindex="-1"
                >
                  30
                </div>
                <div
                  aria-disabled="false"
                  aria-label="Choose Wednesday, December 1st, 2021"
                  aria-selected="false"
                  class="react-datepicker__day react-datepicker__day--001"
                  role="option"
                  tabindex="-1"
                >
                  1
                </div>
                <div
                  aria-disabled="false"
                  aria-label="Choose Thursday, December 2nd, 2021"
                  aria-selected="false"
                  class="react-datepicker__day react-datepicker__day--002"
                  role="option"
                  tabindex="-1"
                >
                  2
                </div>
                <div
                  aria-disabled="false"
                  aria-label="Choose Friday, December 3rd, 2021"
                  aria-selected="false"
                  class="react-datepicker__day react-datepicker__day--003"
                  role="option"
                  tabindex="-1"
                >
                  3
                </div>
                <div
                  aria-disabled="false"
                  aria-label="Choose Saturday, December 4th, 2021"
                  aria-selected="false"
                  class="react-datepicker__day react-datepicker__day--004 react-datepicker__day--weekend"
                  role="option"
                  tabindex="-1"
                >
                  4
                </div>
              </div>
              <div
                class="react-datepicker__week"
              >
                <div
                  aria-disabled="false"
                  aria-label="Choose Sunday, December 5th, 2021"
                  aria-selected="false"
                  class="react-datepicker__day react-datepicker__day--005 react-datepicker__day--weekend"
                  role="option"
                  tabindex="-1"
                >
                  5
                </div>
                <div
                  aria-disabled="false"
                  aria-label="Choose Monday, December 6th, 2021"
                  aria-selected="false"
                  class="react-datepicker__day react-datepicker__day--006"
                  role="option"
                  tabindex="-1"
                >
                  6
                </div>
                <div
                  aria-disabled="false"
                  aria-label="Choose Tuesday, December 7th, 2021"
                  aria-selected="false"
                  class="react-datepicker__day react-datepicker__day--007"
                  role="option"
                  tabindex="-1"
                >
                  7
                </div>
                <div
                  aria-disabled="false"
                  aria-label="Choose Wednesday, December 8th, 2021"
                  aria-selected="false"
                  class="react-datepicker__day react-datepicker__day--008"
                  role="option"
                  tabindex="-1"
                >
                  8
                </div>
                <div
                  aria-disabled="false"
                  aria-label="Choose Thursday, December 9th, 2021"
                  aria-selected="false"
                  class="react-datepicker__day react-datepicker__day--009"
                  role="option"
                  tabindex="-1"
                >
                  9
                </div>
                <div
                  aria-disabled="false"
                  aria-label="Choose Friday, December 10th, 2021"
                  aria-selected="false"
                  class="react-datepicker__day react-datepicker__day--010"
                  role="option"
                  tabindex="-1"
                >
                  10
                </div>
                <div
                  aria-disabled="false"
                  aria-label="Choose Saturday, December 11th, 2021"
                  aria-selected="false"
                  class="react-datepicker__day react-datepicker__day--011 react-datepicker__day--weekend"
                  role="option"
                  tabindex="-1"
                >
                  11
                </div>
              </div>
              <div
                class="react-datepicker__week"
              >
                <div
                  aria-disabled="false"
                  aria-label="Choose Sunday, December 12th, 2021"
                  aria-selected="false"
                  class="react-datepicker__day react-datepicker__day--012 react-datepicker__day--weekend"
                  role="option"
                  tabindex="-1"
                >
                  12
                </div>
                <div
                  aria-disabled="false"
                  aria-label="Choose Monday, December 13th, 2021"
                  aria-selected="false"
                  class="react-datepicker__day react-datepicker__day--013"
                  role="option"
                  tabindex="-1"
                >
                  13
                </div>
                <div
                  aria-disabled="false"
                  aria-label="Choose Tuesday, December 14th, 2021"
                  aria-selected="false"
                  class="react-datepicker__day react-datepicker__day--014"
                  role="option"
                  tabindex="-1"
                >
                  14
                </div>
                <div
                  aria-disabled="false"
                  aria-label="Choose Wednesday, December 15th, 2021"
                  aria-selected="false"
                  class="react-datepicker__day react-datepicker__day--015"
                  role="option"
                  tabindex="-1"
                >
                  15
                </div>
                <div
                  aria-disabled="false"
                  aria-label="Choose Thursday, December 16th, 2021"
                  aria-selected="false"
                  class="react-datepicker__day react-datepicker__day--016"
                  role="option"
                  tabindex="-1"
                >
                  16
                </div>
                <div
                  aria-disabled="false"
                  aria-label="Choose Friday, December 17th, 2021"
                  aria-selected="false"
                  class="react-datepicker__day react-datepicker__day--017"
                  role="option"
                  tabindex="-1"
                >
                  17
                </div>
                <div
                  aria-disabled="false"
                  aria-label="Choose Saturday, December 18th, 2021"
                  aria-selected="false"
                  class="react-datepicker__day react-datepicker__day--018 react-datepicker__day--weekend"
                  role="option"
                  tabindex="-1"
                >
                  18
                </div>
              </div>
              <div
                class="react-datepicker__week"
              >
                <div
                  aria-disabled="false"
                  aria-label="Choose Sunday, December 19th, 2021"
                  aria-selected="false"
                  class="react-datepicker__day react-datepicker__day--019 react-datepicker__day--weekend"
                  role="option"
                  tabindex="-1"
                >
                  19
                </div>
                <div
                  aria-disabled="false"
                  aria-label="Choose Monday, December 20th, 2021"
                  aria-selected="false"
                  class="react-datepicker__day react-datepicker__day--020"
                  role="option"
                  tabindex="-1"
                >
                  20
                </div>
                <div
                  aria-disabled="false"
                  aria-label="Choose Tuesday, December 21st, 2021"
                  aria-selected="false"
                  class="react-datepicker__day react-datepicker__day--021"
                  role="option"
                  tabindex="-1"
                >
                  21
                </div>
                <div
                  aria-disabled="false"
                  aria-label="Choose Wednesday, December 22nd, 2021"
                  aria-selected="false"
                  class="react-datepicker__day react-datepicker__day--022"
                  role="option"
                  tabindex="-1"
                >
                  22
                </div>
                <div
                  aria-disabled="false"
                  aria-label="Choose Thursday, December 23rd, 2021"
                  aria-selected="false"
                  class="react-datepicker__day react-datepicker__day--023"
                  role="option"
                  tabindex="-1"
                >
                  23
                </div>
                <div
                  aria-current="date"
                  aria-disabled="false"
                  aria-label="Choose Friday, December 24th, 2021"
                  aria-selected="false"
                  class="react-datepicker__day react-datepicker__day--024 react-datepicker__day--keyboard-selected react-datepicker__day--today"
                  role="option"
                  tabindex="0"
                >
                  24
                </div>
                <div
                  aria-disabled="false"
                  aria-label="Choose Saturday, December 25th, 2021"
                  aria-selected="false"
                  class="react-datepicker__day react-datepicker__day--025 react-datepicker__day--weekend"
                  role="option"
                  tabindex="-1"
                >
                  25
                </div>
              </div>
              <div
                class="react-datepicker__week"
              >
                <div
                  aria-disabled="false"
                  aria-label="Choose Sunday, December 26th, 2021"
                  aria-selected="false"
                  class="react-datepicker__day react-datepicker__day--026 react-datepicker__day--weekend"
                  role="option"
                  tabindex="-1"
                >
                  26
                </div>
                <div
                  aria-disabled="false"
                  aria-label="Choose Monday, December 27th, 2021"
                  aria-selected="false"
                  class="react-datepicker__day react-datepicker__day--027"
                  role="option"
                  tabindex="-1"
                >
                  27
                </div>
                <div
                  aria-disabled="false"
                  aria-label="Choose Tuesday, December 28th, 2021"
                  aria-selected="false"
                  class="react-datepicker__day react-datepicker__day--028"
                  role="option"
                  tabindex="-1"
                >
                  28
                </div>
                <div
                  aria-disabled="false"
                  aria-label="Choose Wednesday, December 29th, 2021"
                  aria-selected="false"
                  class="react-datepicker__day react-datepicker__day--029"
                  role="option"
                  tabindex="-1"
                >
                  29
                </div>
                <div
                  aria-disabled="false"
                  aria-label="Choose Thursday, December 30th, 2021"
                  aria-selected="false"
                  class="react-datepicker__day react-datepicker__day--030"
                  role="option"
                  tabindex="-1"
                >
                  30
                </div>
                <div
                  aria-disabled="false"
                  aria-label="Choose Friday, December 31st, 2021"
                  aria-selected="false"
                  class="react-datepicker__day react-datepicker__day--031"
                  role="option"
                  tabindex="-1"
                >
                  31
                </div>
                <div
                  aria-disabled="false"
                  aria-label="Choose Saturday, January 1st, 2022"
                  aria-selected="false"
                  class="react-datepicker__day react-datepicker__day--001 react-datepicker__day--weekend react-datepicker__day--outside-month"
                  role="option"
                  tabindex="-1"
                >
                  1
                </div>
              </div>
            </div>
          </div>
        </div>
      </div>
    </div>
    <div
      class="react-datepicker__tab-loop__end"
      tabindex="0"
    />
  </div>
</div>
`;
