// Jest Snapshot v1, https://goo.gl/fbAQLP

exports[`DatePicker should render correctly 1`] = `
<div>
  <div
    class="react-datepicker-wrapper"
  >
    <div
      class="react-datepicker__input-container"
    >
      <input
        autocomplete="off"
        class=""
        type="text"
        value=""
      />
    </div>
  </div>
</div>
`;

exports[`DatePicker when no min/max date props passed should set min/max date to default 1`] = `
<div>
  <div
    class="react-datepicker-wrapper"
  >
    <div
      class="react-datepicker__input-container"
    >
      <input
        autocomplete="off"
        class=""
        type="text"
        value=""
      />
    </div>
  </div>
</div>
`;
