// Jest Snapshot v1, https://goo.gl/fbAQLP

exports[`<Tooltip> that renders a Tooltip should render Tooltip in disabled mode if content is empty 1`] = `
<body>
  <div>
    <p>
      Hover me
    </p>
  </div>
</body>
`;

exports[`<Tooltip> that renders a Tooltip should render default Tooltip correctly 1`] = `
<body>
  <div>
    <p>
      Hover me
    </p>
  </div>
  <div
    data-tippy-root=""
    id="tippy-1"
    style="pointer-events: none; z-index: 9999; visibility: hidden; position: absolute; left: 0px; top: 0px; margin: 0px; transform: translate(0px, 10px);"
  >
    <div
      class="tippy-box"
      data-animation="fade"
      data-escaped=""
      data-placement="bottom"
      data-reference-hidden=""
      data-state="hidden"
      role="tooltip"
      style="max-width: 350px; transition-duration: 250ms;"
      tabindex="-1"
    >
      <div
        class="tippy-content"
        data-state="hidden"
        style="transition-duration: 250ms;"
      >
        <div>
          content
        </div>
      </div>
      <div
        class="tippy-arrow"
        style="position: absolute; left: 0px; transform: translate(3px, 0px);"
      />
    </div>
  </div>
</body>
`;
