// Jest Snapshot v1, https://goo.gl/fbAQLP

exports[`<NumericStepper> component should render correctly 1`] = `
<NumericStepper
  className=""
  customWidth="3ch"
  defaultValue={0}
  maxValue={9007199254740991}
  minValue={0}
  onChange={[MockFunction]}
  step={1}
>
  <div
    className="NumericStepper"
  >
    <StepperButton
      disabled={true}
      icon="minus"
      onClick={[Function]}
    >
      <button
        className="StepperButton"
        disabled={true}
        onClick={[Function]}
        type="button"
      >
        <FaMinus
          size="75%"
        >
          <IconBase
            attr={
              Object {
                "viewBox": "0 0 448 512",
              }
            }
            size="75%"
          >
            <svg
              fill="currentColor"
              height="75%"
              size="75%"
              stroke="currentColor"
              strokeWidth="0"
              style={
                Object {
                  "color": undefined,
                }
              }
              viewBox="0 0 448 512"
              width="75%"
              xmlns="http://www.w3.org/2000/svg"
            >
              <path
                d="M416 208H32c-17.67 0-32 14.33-32 32v32c0 17.67 14.33 32 32 32h384c17.67 0 32-14.33 32-32v-32c0-17.67-14.33-32-32-32z"
                key="0"
              />
            </svg>
          </IconBase>
        </FaMinus>
      </button>
    </StepperButton>
    <input
      className="NumericStepper__stepperInput"
      max={9007199254740991}
      min={0}
      onBlur={[Function]}
      onChange={[Function]}
      step={1}
      style={
        Object {
          "width": "3ch",
        }
      }
      type="number"
      value="0"
    />
    <StepperButton
      disabled={false}
      icon="plus"
      onClick={[Function]}
    >
      <button
        className="StepperButton"
        disabled={false}
        onClick={[Function]}
        type="button"
      >
        <FaPlus
          size="75%"
        >
          <IconBase
            attr={
              Object {
                "viewBox": "0 0 448 512",
              }
            }
            size="75%"
          >
            <svg
              fill="currentColor"
              height="75%"
              size="75%"
              stroke="currentColor"
              strokeWidth="0"
              style={
                Object {
                  "color": undefined,
                }
              }
              viewBox="0 0 448 512"
              width="75%"
              xmlns="http://www.w3.org/2000/svg"
            >
              <path
                d="M416 208H272V64c0-17.67-14.33-32-32-32h-32c-17.67 0-32 14.33-32 32v144H32c-17.67 0-32 14.33-32 32v32c0 17.67 14.33 32 32 32h144v144c0 17.67 14.33 32 32 32h32c17.67 0 32-14.33 32-32V304h144c17.67 0 32-14.33 32-32v-32c0-17.67-14.33-32-32-32z"
                key="0"
              />
            </svg>
          </IconBase>
        </FaPlus>
      </button>
    </StepperButton>
  </div>
</NumericStepper>
`;
