// Jest Snapshot v1, https://goo.gl/fbAQLP

exports[`ThemeTuner component should render component correctly 1`] = `
<ThemeTuner
  config={
    Array [
      Object {
        "fieldsetName": "Colors",
        "items": Array [
          Object {
            "label": "Background color",
            "type": "color",
            "value": "#ffffff",
            "var": "--color-background",
          },
          Object {
            "label": "Foreground color",
            "type": "color",
            "value": "#1d1d1b",
            "var": "--color-neutral",
          },
          Object {
            "label": "Border radius",
            "type": "unit",
            "unit": "px",
            "value": "3",
            "var": "--border-radius",
          },
          Object {
            "label": "Link decoration",
            "type": "string",
            "value": "none",
            "var": "--link-decoration-normal",
          },
        ],
      },
      Object {
        "fieldsetName": "Sizing",
        "items": Array [],
      },
    ]
  }
  cssVars={
    Object {
      "--color-neutral": "#000000",
    }
  }
  onChange={[MockFunction]}
>
  <div>
    <TabsBar
      activeTabId="Colors"
      onSelect={[Function]}
    >
      <div
        className="TabsBar"
        role="tablist"
      >
        <TabItem
          isActive={true}
          isBlock={false}
          key=".$Colors"
          onSelect={[Function]}
          tabId="Colors"
        >
          <div
            aria-selected={true}
            className="TabItem TabItem--isActive"
            onClick={[Function]}
            onKeyDown={[Function]}
            role="tab"
            tabIndex={0}
          >
            Colors
          </div>
        </TabItem>
        <TabItem
          isActive={false}
          isBlock={false}
          key=".$Sizing"
          onSelect={[Function]}
          tabId="Sizing"
        >
          <div
            aria-selected={false}
            className="TabItem"
            onClick={[Function]}
            onKeyDown={[Function]}
            role="tab"
            tabIndex={0}
          >
            Sizing
          </div>
        </TabItem>
      </div>
    </TabsBar>
    <List>
      <ul
        className="List"
        onKeyDown={[Function]}
        tabIndex="0"
      >
        <ListItem
          className="List__item ThemeTuner__item"
          isHighlighted={false}
          key=".$Background color"
        >
          <li
            aria-selected={false}
            className="ListItem List__item ThemeTuner__item"
            role="option"
          >
            <Text
              className="ThemeTuner__label"
              key=".0"
            >
              <p
                className="ThemeTuner__label"
              >
                Background color
              </p>
            </Text>
            <ItemValue
              item={
                Object {
                  "label": "Background color",
                  "type": "color",
                  "value": "#ffffff",
                  "var": "--color-background",
                }
              }
              key=".1"
              onChange={[Function]}
            >
              <ColorValue
                item={
                  Object {
                    "label": "Background color",
                    "type": "color",
                    "value": "#ffffff",
                    "var": "--color-background",
                  }
                }
                onChange={[Function]}
              >
                <span>
                  <Input
                    className="ColorValue__input"
                    onChange={[Function]}
                    size="small"
                    type="color"
                    value="#ffffff"
                  >
                    <input
                      className="Input Input--size_small ColorValue__input"
                      data-lpignore={true}
                      disabled={false}
                      onChange={[Function]}
                      type="color"
                      value="#ffffff"
                    />
                  </Input>
                  <Text
                    className="ColorValue__value"
                    context="neutral"
                    inline={true}
                  >
                    <span
                      className="Text--context_neutral ColorValue__value"
                    >
                      #ffffff
                    </span>
                  </Text>
                </span>
              </ColorValue>
            </ItemValue>
          </li>
        </ListItem>
        <ListItem
          className="List__item ThemeTuner__item"
          isHighlighted={false}
          key=".$Foreground color"
        >
          <li
            aria-selected={false}
            className="ListItem List__item ThemeTuner__item"
            role="option"
          >
            <Text
              className="ThemeTuner__label"
              key=".0"
            >
              <p
                className="ThemeTuner__label"
              >
                Foreground color
              </p>
            </Text>
            <ItemValue
              item={
                Object {
                  "label": "Foreground color",
                  "type": "color",
                  "value": "#000000",
                  "var": "--color-neutral",
                }
              }
              key=".1"
              onChange={[Function]}
            >
              <ColorValue
                item={
                  Object {
                    "label": "Foreground color",
                    "type": "color",
                    "value": "#000000",
                    "var": "--color-neutral",
                  }
                }
                onChange={[Function]}
              >
                <span>
                  <Input
                    className="ColorValue__input"
                    onChange={[Function]}
                    size="small"
                    type="color"
                    value="#000000"
                  >
                    <input
                      className="Input Input--size_small ColorValue__input"
                      data-lpignore={true}
                      disabled={false}
                      onChange={[Function]}
                      type="color"
                      value="#000000"
                    />
                  </Input>
                  <Text
                    className="ColorValue__value"
                    context="neutral"
                    inline={true}
                  >
                    <span
                      className="Text--context_neutral ColorValue__value"
                    >
                      #000000
                    </span>
                  </Text>
                </span>
              </ColorValue>
            </ItemValue>
          </li>
        </ListItem>
        <ListItem
          className="List__item ThemeTuner__item"
          isHighlighted={false}
          key=".$Border radius"
        >
          <li
            aria-selected={false}
            className="ListItem List__item ThemeTuner__item"
            role="option"
          >
            <Text
              className="ThemeTuner__label"
              key=".0"
            >
              <p
                className="ThemeTuner__label"
              >
                Border radius
              </p>
            </Text>
            <ItemValue
              item={
                Object {
                  "label": "Border radius",
                  "type": "unit",
                  "unit": "px",
                  "value": "3",
                  "var": "--border-radius",
                }
              }
              key=".1"
              onChange={[Function]}
            >
              <UnitValue
                item={
                  Object {
                    "label": "Border radius",
                    "type": "unit",
                    "unit": "px",
                    "value": "3",
                    "var": "--border-radius",
                  }
                }
                onChange={[Function]}
              >
                <span>
                  <Input
                    className="UnitValue__input"
                    onChange={[Function]}
                    size="small"
                    type="number"
                    value="3"
                  >
                    <input
                      className="Input Input--size_small UnitValue__input"
                      data-lpignore={true}
                      disabled={false}
                      onChange={[Function]}
                      type="number"
                      value="3"
                    />
                  </Input>
                  <Text
                    className="UnitValue__value"
                    context="neutral"
                    inline={true}
                  >
                    <span
                      className="Text--context_neutral UnitValue__value"
                    >
                      3
                      px
                    </span>
                  </Text>
                </span>
              </UnitValue>
            </ItemValue>
          </li>
        </ListItem>
        <ListItem
          className="List__item ThemeTuner__item"
          isHighlighted={false}
          key=".$Link decoration"
        >
          <li
            aria-selected={false}
            className="ListItem List__item ThemeTuner__item"
            role="option"
          >
            <Text
              className="ThemeTuner__label"
              key=".0"
            >
              <p
                className="ThemeTuner__label"
              >
                Link decoration
              </p>
            </Text>
            <ItemValue
              item={
                Object {
                  "label": "Link decoration",
                  "type": "string",
                  "value": "none",
                  "var": "--link-decoration-normal",
                }
              }
              key=".1"
              onChange={[Function]}
            >
              <StringValue
                item={
                  Object {
                    "label": "Link decoration",
                    "type": "string",
                    "value": "none",
                    "var": "--link-decoration-normal",
                  }
                }
                onChange={[Function]}
              >
                <Input
                  onChange={[Function]}
                  size="small"
                  type="text"
                  value="none"
                >
                  <input
                    className="Input Input--size_small"
                    data-lpignore={true}
                    disabled={false}
                    onChange={[Function]}
                    type="text"
                    value="none"
                  />
                </Input>
              </StringValue>
            </ItemValue>
          </li>
        </ListItem>
      </ul>
    </List>
  </div>
</ThemeTuner>
`;
