// Jest Snapshot v1, https://goo.gl/fbAQLP

exports[`Themeroller component should render component correctly 1`] = `
<div>
  <div
    class="Themeroller"
  >
    <form>
      <label>
        <p
          class="Field__label"
        />
        <div
          class="InputContainer InputContainer--size_small"
          data-testid="inputContainer"
        >
          <input
            class="InputContainer__input InputContainer__input--size_small"
            data-lpignore="true"
            id=":r0:"
            type="text"
            value=""
          />
        </div>
      </label>
      <div
        class="ThemeActions"
      />
    </form>
    <div
      class="TabsBar"
      role="tablist"
    >
      <div
        aria-disabled="false"
        aria-selected="true"
        class="TabItem TabItem--isActive"
        role="tab"
        tabindex="0"
      >
        Colors
      </div>
      <div
        aria-disabled="false"
        aria-selected="false"
        class="TabItem"
        role="tab"
        tabindex="0"
      >
        Sizing
      </div>
    </div>
    <ul
      class="List"
      role="listbox"
      tabindex="0"
    >
      <li
        class="ListItem List__item ThemeTuner__item"
      >
        <p
          class="ThemeTuner__label"
        >
          Background color
        </p>
        <span>
          <div
            class="InputContainer InputContainer--size_small"
            data-testid="inputContainer"
          >
            <input
              class="InputContainer__input InputContainer__input--size_small"
              data-lpignore="true"
              id=":r1:"
              type="color"
              value="#ffffff"
            />
          </div>
          <span
            class="Text--context_neutral ColorValue__value"
          >
            #ffffff
          </span>
        </span>
      </li>
      <li
        class="ListItem List__item ThemeTuner__item"
      >
        <p
          class="ThemeTuner__label"
        >
          Foreground color
        </p>
        <span>
          <div
            class="InputContainer InputContainer--size_small"
            data-testid="inputContainer"
          >
            <input
              class="InputContainer__input InputContainer__input--size_small"
              data-lpignore="true"
              id=":r2:"
              type="color"
              value="#000000"
            />
          </div>
          <span
            class="Text--context_neutral ColorValue__value"
          >
            #000000
          </span>
        </span>
      </li>
      <li
        class="ListItem List__item ThemeTuner__item"
      >
        <p
          class="ThemeTuner__label"
        >
          Border radius
        </p>
        <span>
          <div
            class="InputContainer InputContainer--size_small"
            data-testid="inputContainer"
          >
            <input
              class="InputContainer__input InputContainer__input--size_small"
              data-lpignore="true"
              id=":r3:"
              type="number"
              value="3"
            />
          </div>
          <span
            class="Text--context_neutral UnitValue__value"
          >
            3
            px
          </span>
        </span>
      </li>
      <li
        class="ListItem List__item ThemeTuner__item"
      >
        <p
          class="ThemeTuner__label"
        >
          Link decoration
        </p>
        <div
          class="InputContainer InputContainer--size_small"
          data-testid="inputContainer"
        >
          <input
            class="InputContainer__input InputContainer__input--size_small"
            data-lpignore="true"
            id=":r4:"
            type="text"
            value="none"
          />
        </div>
      </li>
    </ul>
  </div>
</div>
`;
