// Jest Snapshot v1, https://goo.gl/fbAQLP

exports[`<MapRendered/> that renders a Map with markers should render with default props 1`] = `
<Map
  center={
    Object {
      "lat": 52.3922288,
      "lng": 4.9338793,
    }
  }
  mapContainerStyle={
    Object {
      "height": "100%",
      "width": "100%",
    }
  }
  markers={Array []}
  zoom={7}
>
  <GoogleMap
    center={
      Object {
        "lat": 52.3922288,
        "lng": 4.9338793,
      }
    }
    mapContainerStyle={
      Object {
        "height": "100%",
        "width": "100%",
      }
    }
    onLoad={[Function]}
    options={
      Object {
        "fullscreenControl": false,
        "mapTypeControl": false,
        "rotateControl": false,
        "streetViewControl": false,
      }
    }
    zoom={7}
  >
    <div
      style={
        Object {
          "height": "100%",
          "width": "100%",
        }
      }
    />
  </GoogleMap>
</Map>
`;
