// Jest Snapshot v1, https://goo.gl/fbAQLP

exports[`ColorValue component should render component correctly 1`] = `
<div>
  <span>
    <div
      class="InputContainer InputContainer--size_small"
      data-testid="inputContainer"
    >
      <input
        class="InputContainer__input InputContainer__input--size_small"
        data-lpignore="true"
        id=":r0:"
        role="colorselector"
        type="color"
        value="#fffff"
      />
    </div>
    <span
      class="Text--context_neutral ColorValue__value"
    >
      #fffff
    </span>
  </span>
</div>
`;
