// Jest Snapshot v1, https://goo.gl/fbAQLP

exports[`ActionButton does not open dropdown when no items are provided 1`] = `
<div>
  <button
    class="Button Button--variant_ghost Button--context_primary"
    type="button"
  >
    Test Button
  </button>
</div>
`;

exports[`ActionButton renders correctly with label 1`] = `
<div>
  <button
    class="Button Button--variant_ghost Button--context_primary"
    type="button"
  >
    Test Button
  </button>
</div>
`;

exports[`ActionButton renders dropdown items correctly when provided 1`] = `
<div
  aria-hidden="true"
  data-aria-hidden="true"
>
  <button
    aria-controls="radix-:r1:"
    aria-expanded="true"
    aria-haspopup="menu"
    class="Button Button--variant_ghost Button--context_primary"
    data-state="open"
    id="radix-:r0:"
    type="button"
  >
    Test Button
    <svg
      class="ActionButton__icon ActionButton__icon--isOpen"
      data-testid="default-icon"
      height="20px"
      viewBox="0 0 24 24"
      width="20px"
    />
  </button>
</div>
`;
