// Jest Snapshot v1, https://goo.gl/fbAQLP

exports[`<Tag> component should render correctly with full list of props 1`] = `
<div>
  <div
    class="Tag Tag--isSelected Tag--clickable"
    role="button"
    style="--bg-color: #ccc; max-width: 30px;"
    tabindex="0"
  >
    <p
      class="Tag__text my-class"
      style="color: red;"
      title="Tag text"
    >
      Tag text
    </p>
    <button
      class="Tag__deleteButton"
      type="button"
    >
      <svg
        data-testid="default-icon"
        style="width: 100%; height: 100%;"
        viewBox="0 0 24 24"
      />
    </button>
  </div>
</div>
`;

exports[`<Tag> component should render correctly with minimum amount of props 1`] = `
<div>
  <div
    class="Tag"
    style="max-width: fit-content;"
  >
    <p
      class="Tag__text"
      title="Tag text"
    >
      Tag text
    </p>
  </div>
</div>
`;
