// Jest Snapshot v1, https://goo.gl/fbAQLP

exports[`<Button> that renders a button should render default button correctly 1`] = `
<Component
  block={false}
  className=""
  context="brand"
  disabled={false}
  htmlAttributes={Object {}}
  onClick={null}
  size="normal"
  style={Object {}}
  type="button"
>
  <Button
    block={false}
    className=""
    context="brand"
    disabled={false}
    htmlAttributes={Object {}}
    onClick={null}
    size="normal"
    style={Object {}}
    theme={Object {}}
    type="button"
  >
    <button
      className=""
      disabled={false}
      onClick={null}
      style={Object {}}
      type="button"
    >
      Click me
    </button>
  </Button>
</Component>
`;
