// Jest Snapshot v1, https://goo.gl/fbAQLP

exports[`List component Initial rendering should render List correctly 1`] = `
<DocumentFragment>
  <ul
    class="List"
    tabindex="0"
  >
    <li
      aria-selected="false"
      class="ListItem List__item"
      role="option"
    >
      <span>
        Item 1
      </span>
    </li>
    <li
      aria-selected="false"
      class="ListItem List__item"
      role="option"
    >
      <span>
        Item 2
      </span>
    </li>
  </ul>
</DocumentFragment>
`;

exports[`List component Initial rendering should render List correctly without keyboard navigation 1`] = `
<List
  isControlledNavigation={true}
>
  <ul
    className="List"
  >
    <ListItem
      className="List__item"
      key=".0"
    >
      <li
        aria-selected={false}
        className="ListItem List__item"
        role="option"
      >
        <Text
          inline={true}
          key=".0"
        >
          <span>
            Item 1
          </span>
        </Text>
      </li>
    </ListItem>
    <ListItem
      className="List__item"
      key=".1"
    >
      <li
        aria-selected={false}
        className="ListItem List__item"
        role="option"
      >
        <Text
          inline={true}
          key=".0"
        >
          <span>
            Item 2
          </span>
        </Text>
      </li>
    </ListItem>
  </ul>
</List>
`;
