// Jest Snapshot v1, https://goo.gl/fbAQLP

exports[`Modal should render correctly 1`] = `
<Modal
  ariaHideApp={true}
  bodyOpenClassName="Modal__body--open"
  className={
    Object {
      "afterOpen": "Modal__content--entered",
      "base": "Modal__content",
      "beforeClose": "Modal__content--exited",
    }
  }
  closeTimeoutMS={300}
  contentLabel="Content label"
  isOpen={true}
  isPositionFixed={false}
  onAfterOpen={[Function]}
  overlayClassName={
    Object {
      "afterOpen": "Modal__overlay--entered",
      "base": "Modal__overlay",
      "beforeClose": "Modal__overlay--exited",
    }
  }
  overlayRef={[Function]}
  parentSelector={[Function]}
  portalClassName="ReactModalPortal"
  role="dialog"
  shouldCloseOnEsc={true}
  shouldCloseOnOverlayClick={true}
  shouldFocusAfterRender={true}
  shouldReturnFocusAfterClose={true}
>
  Some children
</Modal>
`;
