// Jest Snapshot v1, https://goo.gl/fbAQLP

exports[`<RadioButtonGroup> that renders a group of radio buttons should render correctly 1`] = `
<RadioButtonGroup
  name="group_name"
  onChange={null}
>
  <div>
    <RadioButton
      className="RadioButtonGroup__option"
      disabled={false}
      id="o1"
      key=".0"
      name="group_name"
      onChange={[MockFunction]}
    >
      <div
        className="RadioButtonGroup__option"
      >
        <input
          className="RadioButton__input"
          disabled={false}
          id="o1"
          name="group_name"
          onChange={[MockFunction]}
          type="radio"
        />
        <label
          className="RadioButton__label"
          htmlFor="o1"
        >
          <span
            className="RadioButton__box"
          >
            <svg
              className="RadioButton__svg"
              height="10px"
              viewBox={
                Array [
                  0,
                  0,
                  10,
                  10,
                ]
              }
              width="12px"
            >
              <circle
                cx="5"
                cy="6"
                r="3"
              />
            </svg>
          </span>
          <Text
            className="RadioButton__text"
            context="default"
            inline={true}
            size="normal"
          >
            <span
              className="RadioButton__text"
            >
              Option 1
            </span>
          </Text>
        </label>
      </div>
    </RadioButton>
    <RadioButton
      className="RadioButtonGroup__option"
      disabled={false}
      id="o2"
      key=".1"
      name="group_name"
    >
      <div
        className="RadioButtonGroup__option"
      >
        <input
          className="RadioButton__input"
          disabled={false}
          id="o2"
          name="group_name"
          type="radio"
        />
        <label
          className="RadioButton__label"
          htmlFor="o2"
        >
          <span
            className="RadioButton__box"
          >
            <svg
              className="RadioButton__svg"
              height="10px"
              viewBox={
                Array [
                  0,
                  0,
                  10,
                  10,
                ]
              }
              width="12px"
            >
              <circle
                cx="5"
                cy="6"
                r="3"
              />
            </svg>
          </span>
          <Text
            className="RadioButton__text"
            context="default"
            inline={true}
            size="normal"
          >
            <span
              className="RadioButton__text"
            >
              Option 2
            </span>
          </Text>
        </label>
      </div>
    </RadioButton>
  </div>
</RadioButtonGroup>
`;
