// Jest Snapshot v1, https://goo.gl/fbAQLP

exports[`<Alert> that renders an alert should add classes when props are changed 1`] = `
<div
  className="Alert Alert--context Alert--context_bad"
>
  <div
    className="Alert__content Alert__content--context Alert__content--context_bad"
  >
    <strong
      className="Alert__title Alert__title--context Alert__title--context_bad"
    >
      Hey there
    </strong>
    This is an alert with custom context and a title
  </div>
</div>
`;

exports[`<Alert> that renders an alert should have a button that works 1`] = `
<Alert
  action={
    Object {
      "label": "Click me",
      "onClick": [MockFunction],
    }
  }
  context="brand"
  title="Hey there"
>
  <div
    className="Alert Alert--context Alert--context_brand"
  >
    <div
      className="Alert__content Alert__content--context Alert__content--context_brand"
    >
      <strong
        className="Alert__title Alert__title--context Alert__title--context_brand"
      >
        Hey there
      </strong>
      This is an alert with custom context and a title
    </div>
    <div
      className="Alert__action Alert__action--context Alert__action--context_brand"
    >
      <Button
        context="link"
        disabled={false}
        isBlock={false}
        isInline={false}
        onClick={[MockFunction]}
        size="normal"
        type="button"
      >
        <button
          className="Button Button--context Button--context_link Button--size Button--size_normal"
          disabled={false}
          onClick={[MockFunction]}
          size="normal"
          type="button"
        >
          Click me
        </button>
      </Button>
    </div>
  </div>
</Alert>
`;

exports[`<Alert> that renders an alert should render default alert correctly 1`] = `
<div
  className="Alert Alert--context Alert--context_brand"
>
  <div
    className="Alert__content Alert__content--context Alert__content--context_brand"
  >
    This is a basic alert without title or action
  </div>
</div>
`;
