// Jest Snapshot v1, https://goo.gl/fbAQLP

exports[`UnitValue component should render component correctly 1`] = `
<UnitValue
  item={
    Object {
      "unit": "px",
      "value": "12",
    }
  }
  onChange={[MockFunction]}
>
  <span>
    <Input
      className="UnitValue__input"
      onChange={[Function]}
      size="small"
      type="number"
      value="12"
    >
      <input
        className="Input Input--size_small UnitValue__input"
        data-lpignore={true}
        disabled={false}
        onChange={[Function]}
        type="number"
        value="12"
      />
    </Input>
    <Text
      className="UnitValue__value"
      context="neutral"
      inline={true}
    >
      <span
        className="Text--context_neutral UnitValue__value"
      >
        12
        px
      </span>
    </Text>
  </span>
</UnitValue>
`;
