// Jest Snapshot v1, https://goo.gl/fbAQLP

exports[`CalendarHeader should render correctly 1`] = `
<CalendarHeader
  changeYear={[MockFunction]}
  date={2021-12-31T00:00:00.000Z}
  decreaseMonth={[MockFunction]}
  increaseMonth={[MockFunction]}
  yearsRange={
    Array [
      2016,
      2025,
    ]
  }
>
  <div
    className="CalendarHeader"
  >
    <Button
      className="CalendarHeader__navButton"
      context="neutral"
      disabled={false}
      isBlock={false}
      isInline={false}
      onClick={[MockFunction]}
      size="normal"
      type="button"
    >
      <button
        className="Button Button--context_neutral CalendarHeader__navButton"
        disabled={false}
        onClick={[MockFunction]}
        type="button"
      >
        <ImArrowLeft2>
          <IconBase
            attr={
              Object {
                "version": "1.1",
                "viewBox": "0 0 16 16",
              }
            }
          >
            <svg
              fill="currentColor"
              height="1em"
              stroke="currentColor"
              strokeWidth="0"
              style={
                Object {
                  "color": undefined,
                }
              }
              version="1.1"
              viewBox="0 0 16 16"
              width="1em"
              xmlns="http://www.w3.org/2000/svg"
            >
              <path
                d="M6.293 13.707l-5-5c-0.391-0.39-0.391-1.024 0-1.414l5-5c0.391-0.391 1.024-0.391 1.414 0s0.391 1.024 0 1.414l-3.293 3.293h9.586c0.552 0 1 0.448 1 1s-0.448 1-1 1h-9.586l3.293 3.293c0.195 0.195 0.293 0.451 0.293 0.707s-0.098 0.512-0.293 0.707c-0.391 0.391-1.024 0.391-1.414 0z"
                key="0"
              />
            </svg>
          </IconBase>
        </ImArrowLeft2>
      </button>
    </Button>
    <div
      role="presentation"
    >
      <Text
        context="default"
        inline={true}
        size="large"
      >
        <span
          className="Text--size_large"
        >
          December
        </span>
      </Text>
      <select
        className="CalendarHeader__select"
        onChange={[Function]}
        value={2021}
      >
        <option
          key="2016"
          value={2016}
        >
          2016
        </option>
        <option
          key="2017"
          value={2017}
        >
          2017
        </option>
        <option
          key="2018"
          value={2018}
        >
          2018
        </option>
        <option
          key="2019"
          value={2019}
        >
          2019
        </option>
        <option
          key="2020"
          value={2020}
        >
          2020
        </option>
        <option
          key="2021"
          value={2021}
        >
          2021
        </option>
        <option
          key="2022"
          value={2022}
        >
          2022
        </option>
        <option
          key="2023"
          value={2023}
        >
          2023
        </option>
        <option
          key="2024"
          value={2024}
        >
          2024
        </option>
        <option
          key="2025"
          value={2025}
        >
          2025
        </option>
      </select>
    </div>
    <Button
      className="CalendarHeader__navButton"
      context="neutral"
      disabled={false}
      isBlock={false}
      isInline={false}
      onClick={[MockFunction]}
      size="normal"
      type="button"
    >
      <button
        className="Button Button--context_neutral CalendarHeader__navButton"
        disabled={false}
        onClick={[MockFunction]}
        type="button"
      >
        <ImArrowRight2>
          <IconBase
            attr={
              Object {
                "version": "1.1",
                "viewBox": "0 0 16 16",
              }
            }
          >
            <svg
              fill="currentColor"
              height="1em"
              stroke="currentColor"
              strokeWidth="0"
              style={
                Object {
                  "color": undefined,
                }
              }
              version="1.1"
              viewBox="0 0 16 16"
              width="1em"
              xmlns="http://www.w3.org/2000/svg"
            >
              <path
                d="M9.707 13.707l5-5c0.391-0.39 0.391-1.024 0-1.414l-5-5c-0.391-0.391-1.024-0.391-1.414 0s-0.391 1.024 0 1.414l3.293 3.293h-9.586c-0.552 0-1 0.448-1 1s0.448 1 1 1h9.586l-3.293 3.293c-0.195 0.195-0.293 0.451-0.293 0.707s0.098 0.512 0.293 0.707c0.391 0.391 1.024 0.391 1.414 0z"
                key="0"
              />
            </svg>
          </IconBase>
        </ImArrowRight2>
      </button>
    </Button>
  </div>
</CalendarHeader>
`;
