// Jest Snapshot v1, https://goo.gl/fbAQLP

exports[`Dropdown should render correctly closed 1`] = `
<DocumentFragment>
  <button
    aria-expanded="false"
    aria-haspopup="listbox"
    aria-labelledby="downshift-0-label downshift-0-toggle-button"
    class="Button Button--context_brand"
    id="downshift-0-toggle-button"
    type="button"
  >
    Click me!
  </button>
  <ul
    aria-labelledby="downshift-0-label"
    class="List"
    id="downshift-0-menu"
    role="listbox"
    tabindex="-1"
  />
</DocumentFragment>
`;

exports[`Dropdown should render correctly opened 1`] = `
<DocumentFragment>
  <button
    aria-expanded="true"
    aria-haspopup="listbox"
    aria-labelledby="downshift-3-label downshift-3-toggle-button"
    class="Button Button--context_brand"
    id="downshift-3-toggle-button"
    type="button"
  >
    Click me!
  </button>
  <ul
    aria-labelledby="downshift-3-label"
    class="List Dropdown__list"
    id="downshift-3-menu"
    role="listbox"
    style="position: absolute; left: 0px; top: 0px;"
    tabindex="-1"
  >
    <li
      class="ListItem ListItem--disabled List__item"
      role="presentation"
    >
      <span>
        Disabled
      </span>
    </li>
    <li
      aria-selected="false"
      class="ListItem ListItem--clickable List__item"
      id="downshift-3-item-0"
      role="presentation"
    >
      <span>
        With value
      </span>
    </li>
  </ul>
</DocumentFragment>
`;
