// Jest Snapshot v1, https://goo.gl/fbAQLP

exports[`LocationCard component should render component correctly 1`] = `
<LocationCard
  As="div"
  distanceRadius={42}
  hasRadius={true}
  locationId={null}
  locationTitle="London"
  maxRadius={100}
  minRadius={1}
  onDelete={[MockFunction]}
  onRadiusChange={[Function]}
  radiusStep={1}
  sliderLabel="+42 km"
>
  <div
    className="LocationCard"
  >
    <div
      className="LocationCard__header"
    >
      <Text
        className="LocationCard__title"
        context="default"
        inline={false}
        size="large"
        title="London"
      >
        <p
          className="Text--size_large LocationCard__title"
          title="London"
        >
          London
        </p>
      </Text>
      <button
        className="LocationCard__deleteButton"
        onClick={[Function]}
        type="button"
      >
        ×
      </button>
    </div>
    <div
      className="LocationCard__slider"
    >
      <Slider
        defaultValue={0}
        max={100}
        min={1}
        onChange={[Function]}
        step={1}
        value={42}
      >
        <ComponentEnhancer(undefined)
          activeDotStyle={Object {}}
          className=""
          defaultValue={0}
          disabled={false}
          dotStyle={Object {}}
          dots={false}
          handle={[Function]}
          handleStyle={
            Array [
              Object {},
            ]
          }
          included={true}
          marks={Object {}}
          max={100}
          min={1}
          onAfterChange={[Function]}
          onBeforeChange={[Function]}
          onChange={[Function]}
          prefixCls="rc-slider"
          railStyle={Object {}}
          reverse={false}
          step={1}
          trackStyle={
            Array [
              Object {},
            ]
          }
          value={42}
          vertical={false}
        >
          <div
            className="rc-slider"
            onBlur={[Function]}
            onFocus={[Function]}
            onKeyDown={[Function]}
            onMouseDown={[Function]}
            onMouseUp={[Function]}
            onTouchStart={[Function]}
          >
            <div
              className="rc-slider-rail"
              style={Object {}}
            />
            <Track
              className="rc-slider-track"
              included={true}
              length={41.41414141414141}
              offset={0}
              reverse={false}
              style={Object {}}
              vertical={false}
            >
              <div
                className="rc-slider-track"
                style={
                  Object {
                    "left": "0%",
                    "right": "auto",
                    "width": "41.41414141414141%",
                  }
                }
              />
            </Track>
            <Steps
              activeDotStyle={Object {}}
              dotStyle={Object {}}
              dots={false}
              included={true}
              lowerBound={1}
              marks={Object {}}
              max={100}
              min={1}
              prefixCls="rc-slider"
              reverse={false}
              step={1}
              upperBound={42}
              vertical={false}
            >
              <div
                className="rc-slider-step"
              />
            </Steps>
            <Handle
              className="rc-slider-handle"
              disabled={false}
              key="0"
              max={100}
              min={1}
              offset={41.41414141414141}
              prefixCls="rc-slider"
              reverse={false}
              style={Object {}}
              value={42}
              vertical={false}
            >
              <div
                aria-disabled={false}
                aria-valuemax={100}
                aria-valuemin={1}
                aria-valuenow={42}
                className="rc-slider-handle"
                onBlur={[Function]}
                onKeyDown={[Function]}
                onMouseDown={[Function]}
                role="slider"
                style={
                  Object {
                    "left": "41.41414141414141%",
                    "right": "auto",
                    "transform": "translateX(-50%)",
                  }
                }
                tabIndex={0}
              />
            </Handle>
            <Marks
              className="rc-slider-mark"
              included={true}
              lowerBound={1}
              marks={Object {}}
              max={100}
              min={1}
              onClickLabel={[Function]}
              reverse={false}
              upperBound={42}
              vertical={false}
            >
              <div
                className="rc-slider-mark"
              />
            </Marks>
          </div>
        </ComponentEnhancer(undefined)>
      </Slider>
      <Text
        className="LocationCard__sliderLabel"
        context="default"
        inline={false}
        size="small"
      >
        <p
          className="Text--size_small LocationCard__sliderLabel"
        >
          +42 km
        </p>
      </Text>
    </div>
  </div>
</LocationCard>
`;

exports[`LocationCard component should render component correctly without radius slider 1`] = `
<LocationCard
  As="div"
  distanceRadius={42}
  hasRadius={false}
  locationId={null}
  locationTitle="London"
  maxRadius={100}
  minRadius={1}
  onDelete={[MockFunction]}
  onRadiusChange={[Function]}
  radiusStep={1}
  sliderLabel="+42 km"
>
  <div
    className="LocationCard"
  >
    <div
      className="LocationCard__header"
    >
      <Text
        className="LocationCard__title"
        context="default"
        inline={false}
        size="large"
        title="London"
      >
        <p
          className="Text--size_large LocationCard__title"
          title="London"
        >
          London
        </p>
      </Text>
      <button
        className="LocationCard__deleteButton"
        onClick={[Function]}
        type="button"
      >
        ×
      </button>
    </div>
  </div>
</LocationCard>
`;
